0.8711 	ERROR 	Plugin `psychopy-cedrus` entry point requires module `psychopy_cedrus`, but it cannot be imported.
8.4296 	INFO 	Loaded monitor calibration from ['2026_03_27 17:03']
8.5499 	WARNING 	User requested fullscreen with size [1024  768], but screen is actually [1470, 956]. Using actual size
8.6257 	INFO 	Using renderer 'Apple M5' for graphics
8.6257 	INFO 	OpenGL version supported by driver is 2..
8.6529 	EXP 	Created window1 = Window(allowGUI=False, allowStencil=False, autoLog=True, backendConf=UNKNOWN, backgroundFit=<method-wrapper '__getattribute__' of attributeSetter object at 0x316525e10>, backgroundImage=<method-wrapper '__getattribute__' of attributeSetter object at 0x316525d90>, bitsMode=UNKNOWN, blendMode='avg', bpc=(8, 8, 8), color=array([0, 0, 0]), colorSpace='rgb', depthBits=8, fullscr=True, gamma=None, gammaErrorPolicy='raise', infoMsg=UNKNOWN, lms=UNKNOWN, monitor=<psychopy.monitors.calibTools.Monitor object at 0x317a0e050>, multiSample=False, name='window1', numSamples=2, pos=[np.float64(0.0), np.float64(0.0)], screen=0, size=array([2940, 1912]), stencilBits=0, stereo=False, title='PsychoPy', units='height', useFBO=True, useRetina=True, viewOri=0.0, viewPos=None, viewScale=None, waitBlanking=True, winType='pyglet')
8.6530 	EXP 	window1: backgroundImage = ''
8.6530 	EXP 	window1: backgroundFit = 'none'
8.7833 	EXP 	window1: Attempting to measure frame rate of screen (0) ...
8.7833 	EXP 	window1: recordFrameIntervals = False
8.9969 	EXP 	window1: recordFrameIntervals = True
10.6643 	EXP 	window1: recordFrameIntervals = False
10.6643 	EXP 	Screen (0) actual frame rate measured at 59.76Hz
11.3436 	INFO 	keyboard.Keyboard is using ptb backend.
11.3436 	EXP 	staircase task: status = STARTED
11.3736 	EXP 	Created text = TextStim(__class__=<class 'psychopy.visual.text.TextStim'>, alignHoriz=method-wrapper(...), alignText='center', alignVert=method-wrapper(...), anchorHoriz='center', anchorVert='center', antialias=True, autoDraw=False, autoLog=True, bold=False, color=array([1., 1., 1.]), colorSpace='rgb', contrast=1.0, depth=0.0, draggable=False, flipHoriz=False, flipVert=False, font='Arial', fontFiles=[], height=np.float64(0.05), italic=False, languageStyle='LTR', name='text', opacity=1, ori=0.0, pos=array([0., 0.]), rgb=UNKNOWN, text=str(...), units='height', win=Window(...), wrapWidth=1)
11.3751 	EXP 	Created Fixation = ShapeStim(__class__=<class 'psychopy.visual.shape.ShapeStim'>, anchor=('center', 'center'), autoDraw=False, autoLog=True, closeShape=True, color=method-wrapper(...), colorSpace='rgb', contrast=None, depth=-1.0, draggable=False, fillColor=array([1, 1, 1]), fillColorSpace='rgb', fillRGB=array([1, 1, 1]), interpolate=True, lineColor=array([1., 1., 1.]), lineColorSpace='rgb', lineRGB=array([1, 1, 1]), lineWidth=1.0, name='Fixation', opacity=1, ori=0.0, pos=array([0., 0.]), size=array([0.1, 0.1]), units='height', vertices=ndarray(...), win=Window(...), windingRule=None)
11.3757 	EXP 	Created grating = GratingStim(__class__=<class 'psychopy.visual.grating.GratingStim'>, anchor='center', autoDraw=False, autoLog=True, blendmode='avg', color=array([0.5, 0.5, 0.5]), colorSpace='rgb', contrast=0.5, depth=-2.0, draggable=False, interpolate=True, mask='gauss', maskParams=None, name='grating', opacity=1, ori=1.0, phase=array([0., 0.]), pos=array([0., 0.]), rgbPedestal=array([0., 0., 0.]), sf=array([8., 8.]), size=array([0.3, 0.3]), tex='sin', texRes=128.0, units='height', win=Window(...))
11.3770 	EXP 	Created text_2 = TextStim(__class__=<class 'psychopy.visual.text.TextStim'>, alignHoriz=method-wrapper(...), alignText='center', alignVert=method-wrapper(...), anchorHoriz='center', anchorVert='center', antialias=True, autoDraw=False, autoLog=True, bold=False, color=array([1., 1., 1.]), colorSpace='rgb', contrast=1.0, depth=0.0, draggable=False, flipHoriz=False, flipVert=False, font='Arial', fontFiles=[], height=np.float64(0.05), italic=False, languageStyle='LTR', name='text_2', opacity=1, ori=0.0, pos=array([0., 0.]), rgb=UNKNOWN, text='Thank you for your participation', units='height', win=Window(...), wrapWidth=1)
0.0367 	INFO 	Keyboard events cleared
0.0366 	EXP 	text: autoDraw = True
7.4147 	DATA 	Keypress: space
7.4270 	EXP 	Device response: <KeyPress from None: t=7.411934333387762, value=space, duration=None>
7.4271 	WARNING 	Increasing number of minimum required reversals to the number of step sizes, (4).
7.4362 	EXP 	text: autoDraw = False
7.4362 	EXP 	grating: ori = np.float64(-10.0)
7.4362 	EXP 	Fixation: autoDraw = True
7.5202 	EXP 	Device response: <KeyPress from None: t=7.411934333387762, value=space, duration=0.0962796249659732>
8.0029 	INFO 	Keyboard events cleared
8.0029 	EXP 	Fixation: autoDraw = False
8.0029 	EXP 	grating: autoDraw = True
8.0029 	EXP 	grating: tex = 'sin'
8.3035 	EXP 	grating: autoDraw = False
9.0877 	EXP 	Device response: <KeyPress from None: t=9.086034000036307, value=left, duration=None>
9.1023 	DATA 	Keypress: left
9.1046 	EXP 	Fixation: autoDraw = False
9.1046 	EXP 	grating: autoDraw = False
9.1046 	EXP 	grating: ori = np.float64(-8.0)
9.1046 	EXP 	Fixation: autoDraw = True
9.2204 	EXP 	Device response: <KeyPress from None: t=9.086034000036307, value=left, duration=0.12816887500230223>
9.5868 	INFO 	Keyboard events cleared
9.5867 	EXP 	grating: autoDraw = True
9.6202 	EXP 	Fixation: autoDraw = False
9.8872 	EXP 	grating: autoDraw = False
10.0641 	DATA 	Keypress: left
10.0708 	EXP 	Device response: <KeyPress from None: t=10.058852875023149, value=left, duration=None>
10.0873 	EXP 	Fixation: autoDraw = False
10.0873 	EXP 	grating: autoDraw = False
10.0873 	EXP 	grating: ori = np.float64(6.0)
10.0873 	EXP 	Fixation: autoDraw = True
10.2367 	EXP 	Device response: <KeyPress from None: t=10.058852875023149, value=left, duration=0.16832991666160524>
10.5706 	INFO 	Keyboard events cleared
10.5705 	EXP 	grating: autoDraw = True
10.5873 	EXP 	Fixation: autoDraw = False
10.8707 	EXP 	grating: autoDraw = False
11.0869 	EXP 	Device response: <KeyPress from None: t=11.084849333390594, value=right, duration=None>
11.0889 	DATA 	Keypress: right
11.1027 	EXP 	Fixation: autoDraw = False
11.1027 	EXP 	grating: autoDraw = False
11.1027 	EXP 	grating: ori = np.float64(4.0)
11.1027 	EXP 	Fixation: autoDraw = True
11.2875 	EXP 	Device response: <KeyPress from None: t=11.084849333390594, value=right, duration=0.2004738332470879>
11.5873 	INFO 	Keyboard events cleared
11.5873 	EXP 	grating: autoDraw = True
11.6041 	EXP 	Fixation: autoDraw = False
11.8874 	EXP 	grating: autoDraw = False
12.1043 	EXP 	Device response: <KeyPress from None: t=12.09983179171104, value=right, duration=None>
12.1053 	DATA 	Keypress: right
12.1206 	EXP 	Fixation: autoDraw = False
12.1206 	EXP 	grating: autoDraw = False
12.1206 	EXP 	grating: ori = np.float64(-2.0)
12.1206 	EXP 	Fixation: autoDraw = True
12.3208 	EXP 	Device response: <KeyPress from None: t=12.09983179171104, value=right, duration=0.20830454165115952>
12.6040 	INFO 	Keyboard events cleared
12.6040 	EXP 	grating: autoDraw = True
12.6206 	EXP 	Fixation: autoDraw = False
12.9039 	EXP 	grating: autoDraw = False
13.0766 	DATA 	Keypress: left
13.0875 	EXP 	Device response: <KeyPress from None: t=13.072811875026673, value=left, duration=None>
13.1040 	EXP 	Fixation: autoDraw = False
13.1040 	EXP 	grating: autoDraw = False
13.1040 	EXP 	grating: ori = np.float64(-1.0)
13.1040 	EXP 	Fixation: autoDraw = True
13.2364 	EXP 	Device response: <KeyPress from None: t=13.072811875026673, value=left, duration=0.15265608334448189>
13.5872 	INFO 	Keyboard events cleared
13.5872 	EXP 	grating: autoDraw = True
13.6038 	EXP 	Fixation: autoDraw = False
13.8872 	EXP 	grating: autoDraw = False
14.2410 	DATA 	Keypress: left
14.2535 	EXP 	Device response: <KeyPress from None: t=14.237750208354555, value=left, duration=None>
14.2706 	EXP 	Fixation: autoDraw = False
14.2706 	EXP 	grating: autoDraw = False
14.2706 	EXP 	grating: ori = np.float64(-1.0)
14.2706 	EXP 	Fixation: autoDraw = True
14.4207 	EXP 	Device response: <KeyPress from None: t=14.237750208354555, value=left, duration=0.17634287499822676>
14.7540 	INFO 	Keyboard events cleared
14.7539 	EXP 	grating: autoDraw = True
14.7708 	EXP 	Fixation: autoDraw = False
15.0541 	EXP 	grating: autoDraw = False
15.1633 	DATA 	Keypress: right
15.1708 	EXP 	Device response: <KeyPress from None: t=15.159767583361827, value=right, duration=None>
15.1873 	EXP 	Fixation: autoDraw = False
15.1873 	EXP 	grating: autoDraw = False
15.1873 	EXP 	grating: ori = np.float64(2.0)
15.1873 	EXP 	Fixation: autoDraw = True
15.3203 	EXP 	Device response: <KeyPress from None: t=15.159767583361827, value=right, duration=0.1443038749275729>
15.6707 	INFO 	Keyboard events cleared
15.6707 	EXP 	grating: autoDraw = True
15.6873 	EXP 	Fixation: autoDraw = False
15.9707 	EXP 	grating: autoDraw = False
16.0644 	DATA 	Keypress: left
16.0707 	EXP 	Device response: <KeyPress from None: t=16.060722999973223, value=left, duration=None>
16.0873 	EXP 	Fixation: autoDraw = False
16.0873 	EXP 	grating: autoDraw = False
16.0873 	EXP 	grating: ori = np.float64(3.0)
16.0873 	EXP 	Fixation: autoDraw = True
16.2375 	EXP 	Device response: <KeyPress from None: t=16.060722999973223, value=left, duration=0.1683246666798368>
16.5706 	INFO 	Keyboard events cleared
16.5705 	EXP 	grating: autoDraw = True
16.5873 	EXP 	Fixation: autoDraw = False
16.8707 	EXP 	grating: autoDraw = False
17.2654 	DATA 	Keypress: right
17.2702 	EXP 	Device response: <KeyPress from None: t=17.262716124998406, value=right, duration=None>
17.2864 	EXP 	Fixation: autoDraw = False
17.2864 	EXP 	grating: autoDraw = False
17.2864 	EXP 	grating: ori = np.float64(3.0)
17.2864 	EXP 	Fixation: autoDraw = True
17.4534 	EXP 	Device response: <KeyPress from None: t=17.262716124998406, value=right, duration=0.18430712504778057>
17.7706 	INFO 	Keyboard events cleared
17.7706 	EXP 	grating: autoDraw = True
17.7872 	EXP 	Fixation: autoDraw = False
18.0705 	EXP 	grating: autoDraw = False
18.3375 	EXP 	Device response: <KeyPress from None: t=18.332696916651912, value=right, duration=None>
18.3383 	DATA 	Keypress: right
18.3541 	EXP 	Fixation: autoDraw = False
18.3541 	EXP 	grating: autoDraw = False
18.3541 	EXP 	grating: ori = np.float64(-3.0)
18.3541 	EXP 	Fixation: autoDraw = True
18.5540 	EXP 	Device response: <KeyPress from None: t=18.332696916651912, value=right, duration=0.22039916669018567>
18.8371 	INFO 	Keyboard events cleared
18.8371 	EXP 	grating: autoDraw = True
18.8537 	EXP 	Fixation: autoDraw = False
19.1373 	EXP 	grating: autoDraw = False
19.2865 	EXP 	Device response: <KeyPress from None: t=19.281667249975726, value=right, duration=None>
19.2869 	DATA 	Keypress: right
19.3039 	EXP 	Fixation: autoDraw = False
19.3039 	EXP 	grating: autoDraw = False
19.3039 	EXP 	grating: ori = np.float64(4.0)
19.3039 	EXP 	Fixation: autoDraw = True
19.3705 	EXP 	Device response: <KeyPress from None: t=19.281667249975726, value=right, duration=0.08431854168884456>
19.7873 	INFO 	Keyboard events cleared
19.7872 	EXP 	grating: autoDraw = True
19.8038 	EXP 	Fixation: autoDraw = False
20.0873 	EXP 	grating: autoDraw = False
20.4040 	EXP 	Device response: <KeyPress from None: t=20.403680208371952, value=right, duration=None>
20.4064 	DATA 	Keypress: right
20.4199 	EXP 	Fixation: autoDraw = False
20.4199 	EXP 	grating: autoDraw = False
20.4199 	EXP 	grating: ori = np.float64(-4.0)
20.4199 	EXP 	Fixation: autoDraw = True
20.5875 	EXP 	Device response: <KeyPress from None: t=20.403680208371952, value=right, duration=0.1802780833095312>
20.9207 	INFO 	Keyboard events cleared
20.9207 	EXP 	Fixation: autoDraw = False
20.9207 	EXP 	grating: autoDraw = True
21.2195 	EXP 	grating: autoDraw = False
21.4792 	DATA 	Keypress: left
21.4864 	EXP 	Device response: <KeyPress from None: t=21.47661137499381, value=left, duration=None>
21.5036 	EXP 	Fixation: autoDraw = False
21.5036 	EXP 	grating: autoDraw = False
21.5036 	EXP 	grating: ori = np.float64(4.0)
21.5036 	EXP 	Fixation: autoDraw = True
21.6537 	EXP 	Device response: <KeyPress from None: t=21.47661137499381, value=left, duration=0.17233720829244703>
21.9873 	INFO 	Keyboard events cleared
21.9873 	EXP 	grating: autoDraw = True
22.0041 	EXP 	Fixation: autoDraw = False
22.3040 	EXP 	grating: autoDraw = False
22.5166 	DATA 	Keypress: right
22.5198 	EXP 	Device response: <KeyPress from None: t=22.513605458312668, value=right, duration=None>
22.5372 	EXP 	Fixation: autoDraw = False
22.5372 	EXP 	grating: autoDraw = False
22.5372 	EXP 	grating: ori = np.float64(3.0)
22.5372 	EXP 	Fixation: autoDraw = True
22.7209 	EXP 	Device response: <KeyPress from None: t=22.513605458312668, value=right, duration=0.20430824998766184>
23.0206 	INFO 	Keyboard events cleared
23.0206 	EXP 	grating: autoDraw = True
23.0372 	EXP 	Fixation: autoDraw = False
23.3207 	EXP 	grating: autoDraw = False
23.7207 	EXP 	Device response: <KeyPress from None: t=23.716584833338857, value=right, duration=None>
23.7215 	DATA 	Keypress: right
23.7373 	EXP 	Fixation: autoDraw = False
23.7373 	EXP 	grating: autoDraw = False
23.7373 	EXP 	grating: ori = np.float64(-3.0)
23.7373 	EXP 	Fixation: autoDraw = True
23.9367 	EXP 	Device response: <KeyPress from None: t=23.716584833338857, value=right, duration=0.20428599999286234>
24.2205 	INFO 	Keyboard events cleared
24.2205 	EXP 	grating: autoDraw = True
24.2372 	EXP 	Fixation: autoDraw = False
24.5131 	DATA 	Keypress: left
24.5206 	EXP 	grating: autoDraw = False
24.5207 	EXP 	Device response: <KeyPress from None: t=24.509565124986693, value=left, duration=None>
24.5372 	EXP 	Fixation: autoDraw = False
24.5372 	EXP 	grating: autoDraw = False
24.5372 	EXP 	grating: ori = np.float64(-3.0)
24.5372 	EXP 	Fixation: autoDraw = True
24.7208 	EXP 	Device response: <KeyPress from None: t=24.509565124986693, value=left, duration=0.20030633336864412>
25.0206 	INFO 	Keyboard events cleared
25.0206 	EXP 	grating: autoDraw = True
25.0372 	EXP 	Fixation: autoDraw = False
25.3207 	EXP 	grating: autoDraw = False
25.4275 	DATA 	Keypress: right
25.4376 	EXP 	Device response: <KeyPress from None: t=25.42381358332932, value=right, duration=None>
25.4540 	EXP 	Fixation: autoDraw = False
25.4540 	EXP 	grating: autoDraw = False
25.4540 	EXP 	grating: ori = np.float64(-3.5)
25.4540 	EXP 	Fixation: autoDraw = True
25.6041 	EXP 	Device response: <KeyPress from None: t=25.42381358332932, value=right, duration=0.17603429162409157>
25.9374 	INFO 	Keyboard events cleared
25.9374 	EXP 	grating: autoDraw = True
25.9540 	EXP 	Fixation: autoDraw = False
26.2373 	EXP 	grating: autoDraw = False
26.4375 	EXP 	Device response: <KeyPress from None: t=26.43452920834534, value=right, duration=None>
26.4389 	DATA 	Keypress: right
26.4533 	EXP 	Fixation: autoDraw = False
26.4533 	EXP 	grating: autoDraw = False
26.4533 	EXP 	grating: ori = np.float64(-4.0)
26.4533 	EXP 	Fixation: autoDraw = True
26.6374 	EXP 	Device response: <KeyPress from None: t=26.43452920834534, value=right, duration=0.19230179162696004>
26.9373 	INFO 	Keyboard events cleared
26.9372 	EXP 	grating: autoDraw = True
26.9539 	EXP 	Fixation: autoDraw = False
27.2372 	EXP 	grating: autoDraw = False
27.3510 	DATA 	Keypress: left
27.3540 	EXP 	Device response: <KeyPress from None: t=27.347504791687243, value=left, duration=None>
27.3705 	EXP 	Fixation: autoDraw = False
27.3705 	EXP 	grating: autoDraw = False
27.3705 	EXP 	grating: ori = np.float64(4.0)
27.3705 	EXP 	Fixation: autoDraw = True
27.5205 	EXP 	Device response: <KeyPress from None: t=27.347504791687243, value=left, duration=0.17238070827443153>
27.8539 	INFO 	Keyboard events cleared
27.8538 	EXP 	grating: autoDraw = True
27.8705 	EXP 	Fixation: autoDraw = False
28.1540 	EXP 	grating: autoDraw = False
28.3703 	EXP 	Device response: <KeyPress from None: t=28.364482333301567, value=right, duration=None>
28.3706 	DATA 	Keypress: right
28.3867 	EXP 	Fixation: autoDraw = False
28.3867 	EXP 	grating: autoDraw = False
28.3867 	EXP 	grating: ori = np.float64(4.0)
28.3867 	EXP 	Fixation: autoDraw = True
28.5538 	EXP 	Device response: <KeyPress from None: t=28.364482333301567, value=right, duration=0.18831341667100787>
28.8706 	INFO 	Keyboard events cleared
28.8706 	EXP 	grating: autoDraw = True
28.8874 	EXP 	Fixation: autoDraw = False
29.1707 	EXP 	grating: autoDraw = False
29.6542 	EXP 	Device response: <KeyPress from None: t=29.652561958297156, value=right, duration=None>
29.6558 	DATA 	Keypress: right
29.6700 	EXP 	Fixation: autoDraw = False
29.6700 	EXP 	grating: autoDraw = False
29.6700 	EXP 	grating: ori = np.float64(3.5)
29.6700 	EXP 	Fixation: autoDraw = True
29.8541 	EXP 	Device response: <KeyPress from None: t=29.652561958297156, value=right, duration=0.19619404175318778>
30.1540 	INFO 	Keyboard events cleared
30.1539 	EXP 	grating: autoDraw = True
30.1706 	EXP 	Fixation: autoDraw = False
30.4539 	EXP 	grating: autoDraw = False
30.7374 	EXP 	Device response: <KeyPress from None: t=30.73453812499065, value=right, duration=None>
30.7389 	DATA 	Keypress: right
30.7532 	EXP 	Fixation: autoDraw = False
30.7532 	EXP 	grating: autoDraw = False
30.7532 	EXP 	grating: ori = np.float64(-3.5)
30.7532 	EXP 	Fixation: autoDraw = True
30.9374 	EXP 	Device response: <KeyPress from None: t=30.73453812499065, value=right, duration=0.20017674996051937>
31.2364 	INFO 	Keyboard events cleared
31.2363 	EXP 	grating: autoDraw = True
31.2532 	EXP 	Fixation: autoDraw = False
31.5373 	EXP 	grating: autoDraw = False
31.8601 	DATA 	Keypress: left
31.8707 	EXP 	Device response: <KeyPress from None: t=31.857408166630194, value=left, duration=None>
31.8872 	EXP 	Fixation: autoDraw = False
31.8872 	EXP 	grating: autoDraw = False
31.8872 	EXP 	grating: ori = np.float64(3.5)
31.8872 	EXP 	Fixation: autoDraw = True
32.0540 	EXP 	Device response: <KeyPress from None: t=31.857408166630194, value=left, duration=0.184298291685991>
32.3706 	INFO 	Keyboard events cleared
32.3706 	EXP 	grating: autoDraw = True
32.3872 	EXP 	Fixation: autoDraw = False
32.6707 	EXP 	grating: autoDraw = False
33.1291 	DATA 	Keypress: right
33.1374 	EXP 	Device response: <KeyPress from None: t=33.12537312495988, value=right, duration=None>
33.1538 	EXP 	Fixation: autoDraw = False
33.1538 	EXP 	grating: autoDraw = False
33.1538 	EXP 	grating: ori = np.float64(3.0)
33.1538 	EXP 	Fixation: autoDraw = True
33.3708 	EXP 	Device response: <KeyPress from None: t=33.12537312495988, value=right, duration=0.24436162505298853>
33.6372 	INFO 	Keyboard events cleared
33.6372 	EXP 	grating: autoDraw = True
33.6540 	EXP 	Fixation: autoDraw = False
33.9373 	EXP 	grating: autoDraw = False
34.2207 	EXP 	Device response: <KeyPress from None: t=34.2163555000443, value=right, duration=None>
34.2215 	DATA 	Keypress: right
34.2372 	EXP 	Fixation: autoDraw = False
34.2372 	EXP 	grating: autoDraw = False
34.2372 	EXP 	grating: ori = np.float64(-3.0)
34.2372 	EXP 	Fixation: autoDraw = True
34.4541 	EXP 	Device response: <KeyPress from None: t=34.2163555000443, value=right, duration=0.22428004164248705>
34.7206 	INFO 	Keyboard events cleared
34.7206 	EXP 	grating: autoDraw = True
34.7372 	EXP 	Fixation: autoDraw = False
35.0205 	EXP 	grating: autoDraw = False
35.6708 	EXP 	Device response: <KeyPress from None: t=35.66631912498269, value=right, duration=None>
35.6717 	DATA 	Keypress: right
35.6872 	EXP 	Fixation: autoDraw = False
35.6872 	EXP 	grating: autoDraw = False
35.6872 	EXP 	grating: ori = np.float64(3.5)
35.6872 	EXP 	Fixation: autoDraw = True
35.9209 	EXP 	Device response: <KeyPress from None: t=35.66631912498269, value=right, duration=0.24428341665770859>
36.1706 	INFO 	Keyboard events cleared
36.1706 	EXP 	grating: autoDraw = True
36.1873 	EXP 	Fixation: autoDraw = False
36.4707 	EXP 	grating: autoDraw = False
36.7092 	DATA 	Keypress: right
36.7208 	EXP 	Device response: <KeyPress from None: t=36.70530441671144, value=right, duration=None>
36.7374 	EXP 	Fixation: autoDraw = False
36.7374 	EXP 	grating: autoDraw = False
36.7374 	EXP 	grating: ori = np.float64(-3.5)
36.7374 	EXP 	Fixation: autoDraw = True
36.9707 	EXP 	Device response: <KeyPress from None: t=36.70530441671144, value=right, duration=0.2523000832879916>
37.2205 	INFO 	Keyboard events cleared
37.2205 	EXP 	grating: autoDraw = True
37.2372 	EXP 	Fixation: autoDraw = False
37.5206 	EXP 	grating: autoDraw = False
37.8374 	EXP 	Device response: <KeyPress from None: t=37.83428795833606, value=left, duration=None>
37.8386 	DATA 	Keypress: left
37.8539 	EXP 	Fixation: autoDraw = False
37.8539 	EXP 	grating: autoDraw = False
37.8539 	EXP 	grating: ori = np.float64(-3.5)
37.8539 	EXP 	Fixation: autoDraw = True
38.0207 	EXP 	Device response: <KeyPress from None: t=37.83428795833606, value=left, duration=0.18029387504793704>
38.3372 	INFO 	Keyboard events cleared
38.3371 	EXP 	grating: autoDraw = True
38.3539 	EXP 	Fixation: autoDraw = False
38.6372 	EXP 	grating: autoDraw = False
38.9076 	DATA 	Keypress: left
38.9207 	EXP 	Device response: <KeyPress from None: t=38.90422812500037, value=left, duration=None>
38.9372 	EXP 	Fixation: autoDraw = False
38.9372 	EXP 	grating: autoDraw = False
38.9372 	EXP 	grating: ori = np.float64(3.0)
38.9372 	EXP 	Fixation: autoDraw = True
39.1038 	EXP 	Device response: <KeyPress from None: t=38.90422812500037, value=left, duration=0.18431104172486812>
39.4207 	INFO 	Keyboard events cleared
39.4207 	EXP 	grating: autoDraw = True
39.4373 	EXP 	Fixation: autoDraw = False
39.7207 	EXP 	grating: autoDraw = False
40.0948 	DATA 	Keypress: right
40.1040 	EXP 	Device response: <KeyPress from None: t=40.09122662502341, value=right, duration=None>
40.1207 	EXP 	Fixation: autoDraw = False
40.1207 	EXP 	grating: autoDraw = False
40.1207 	EXP 	grating: ori = np.float64(3.0)
40.1207 	EXP 	Fixation: autoDraw = True
40.2874 	EXP 	Device response: <KeyPress from None: t=40.09122662502341, value=right, duration=0.18430566659662873>
40.6040 	INFO 	Keyboard events cleared
40.6040 	EXP 	grating: autoDraw = True
40.6206 	EXP 	Fixation: autoDraw = False
40.9039 	EXP 	grating: autoDraw = False
41.1099 	DATA 	Keypress: right
41.1207 	EXP 	Device response: <KeyPress from None: t=41.10620204161387, value=right, duration=None>
41.1372 	EXP 	Fixation: autoDraw = False
41.1372 	EXP 	grating: autoDraw = False
41.1372 	EXP 	grating: ori = np.float64(3.0)
41.1372 	EXP 	Fixation: autoDraw = True
41.3207 	EXP 	Device response: <KeyPress from None: t=41.10620204161387, value=right, duration=0.2083153750281781>
41.6206 	INFO 	Keyboard events cleared
41.6206 	EXP 	grating: autoDraw = True
41.6362 	EXP 	Fixation: autoDraw = False
41.9204 	EXP 	grating: autoDraw = False
42.2572 	DATA 	Keypress: right
42.2700 	EXP 	Device response: <KeyPress from None: t=42.254140208358876, value=right, duration=None>
42.2873 	EXP 	Fixation: autoDraw = False
42.2873 	EXP 	grating: autoDraw = False
42.2873 	EXP 	grating: ori = np.float64(-2.5)
42.2873 	EXP 	Fixation: autoDraw = True
42.4706 	EXP 	Device response: <KeyPress from None: t=42.254140208358876, value=right, duration=0.21234012499917299>
42.7706 	INFO 	Keyboard events cleared
42.7706 	EXP 	grating: autoDraw = True
42.7872 	EXP 	Fixation: autoDraw = False
43.0707 	EXP 	grating: autoDraw = False
43.3540 	EXP 	Device response: <KeyPress from None: t=43.353146833367646, value=left, duration=None>
43.3564 	DATA 	Keypress: left
43.3700 	EXP 	Fixation: autoDraw = False
43.3700 	EXP 	grating: autoDraw = False
43.3700 	EXP 	grating: ori = np.float64(-2.5)
43.3700 	EXP 	Fixation: autoDraw = True
43.5708 	EXP 	Device response: <KeyPress from None: t=43.353146833367646, value=left, duration=0.2043129166122526>
43.8540 	INFO 	Keyboard events cleared
43.8539 	EXP 	grating: autoDraw = True
43.8706 	EXP 	Fixation: autoDraw = False
44.1539 	EXP 	grating: autoDraw = False
44.3177 	DATA 	Keypress: left
44.3206 	EXP 	Device response: <KeyPress from None: t=44.314131416613236, value=left, duration=None>
44.3366 	EXP 	Fixation: autoDraw = False
44.3366 	EXP 	grating: autoDraw = False
44.3366 	EXP 	grating: ori = np.float64(-2.5)
44.3366 	EXP 	Fixation: autoDraw = True
44.5040 	EXP 	Device response: <KeyPress from None: t=44.314131416613236, value=left, duration=0.1762857916764915>
44.8207 	INFO 	Keyboard events cleared
44.8207 	EXP 	grating: autoDraw = True
44.8372 	EXP 	Fixation: autoDraw = False
45.1206 	EXP 	grating: autoDraw = False
45.4296 	DATA 	Keypress: left
45.4373 	EXP 	Device response: <KeyPress from None: t=45.42611024994403, value=left, duration=None>
45.4538 	EXP 	Fixation: autoDraw = False
45.4538 	EXP 	grating: autoDraw = False
45.4538 	EXP 	grating: ori = np.float64(-2.0)
45.4538 	EXP 	Fixation: autoDraw = True
45.6206 	EXP 	Device response: <KeyPress from None: t=45.42611024994403, value=left, duration=0.18428183335345238>
45.9366 	INFO 	Keyboard events cleared
45.9366 	EXP 	grating: autoDraw = True
45.9532 	EXP 	Fixation: autoDraw = False
46.2373 	EXP 	grating: autoDraw = False
46.3540 	EXP 	Device response: <KeyPress from None: t=46.35108908335678, value=left, duration=None>
46.3554 	DATA 	Keypress: left
46.3695 	EXP 	Fixation: autoDraw = False
46.3695 	EXP 	grating: autoDraw = False
46.3695 	EXP 	grating: ori = np.float64(2.0)
46.3695 	EXP 	Fixation: autoDraw = True
46.5540 	EXP 	Device response: <KeyPress from None: t=46.35108908335678, value=left, duration=0.1922817083541304>
46.8539 	INFO 	Keyboard events cleared
46.8538 	EXP 	grating: autoDraw = True
46.8706 	EXP 	Fixation: autoDraw = False
47.1530 	EXP 	grating: autoDraw = False
47.2208 	EXP 	Device response: <KeyPress from None: t=47.21606829168741, value=left, duration=None>
47.2217 	DATA 	Keypress: left
47.2372 	EXP 	Fixation: autoDraw = False
47.2372 	EXP 	grating: autoDraw = False
47.2372 	EXP 	grating: ori = np.float64(-2.5)
47.2372 	EXP 	Fixation: autoDraw = True
47.4040 	EXP 	Device response: <KeyPress from None: t=47.21606829168741, value=left, duration=0.18428241659421474>
47.7206 	INFO 	Keyboard events cleared
47.7206 	EXP 	grating: autoDraw = True
47.7372 	EXP 	Fixation: autoDraw = False
48.0205 	EXP 	grating: autoDraw = False
48.3252 	DATA 	Keypress: left
48.3373 	EXP 	Device response: <KeyPress from None: t=48.321648541721515, value=left, duration=None>
48.3538 	EXP 	Fixation: autoDraw = False
48.3538 	EXP 	grating: autoDraw = False
48.3538 	EXP 	grating: ori = np.float64(2.5)
48.3538 	EXP 	Fixation: autoDraw = True
48.5037 	EXP 	Device response: <KeyPress from None: t=48.321648541721515, value=left, duration=0.1797193749807775>
48.8372 	INFO 	Keyboard events cleared
48.8371 	EXP 	grating: autoDraw = True
48.8538 	EXP 	Fixation: autoDraw = False
49.1371 	EXP 	grating: autoDraw = False
49.4040 	EXP 	Device response: <KeyPress from None: t=49.39902020827867, value=right, duration=None>
49.4049 	DATA 	Keypress: right
49.4204 	EXP 	Fixation: autoDraw = False
49.4204 	EXP 	grating: autoDraw = False
49.4204 	EXP 	grating: ori = np.float64(2.5)
49.4204 	EXP 	Fixation: autoDraw = True
49.5705 	EXP 	Device response: <KeyPress from None: t=49.39902020827867, value=right, duration=0.1682766251033172>
49.9040 	INFO 	Keyboard events cleared
49.9039 	EXP 	grating: autoDraw = True
49.9206 	EXP 	Fixation: autoDraw = False
50.2039 	EXP 	grating: autoDraw = False
50.4373 	EXP 	Device response: <KeyPress from None: t=50.43397362495307, value=right, duration=None>
50.4389 	DATA 	Keypress: right
50.4539 	EXP 	Fixation: autoDraw = False
50.4539 	EXP 	grating: autoDraw = False
50.4539 	EXP 	grating: ori = np.float64(-2.0)
50.4539 	EXP 	Fixation: autoDraw = True
50.6708 	EXP 	Device response: <KeyPress from None: t=50.43397362495307, value=right, duration=0.22432558343280107>
50.9373 	INFO 	Keyboard events cleared
50.9373 	EXP 	grating: autoDraw = True
50.9539 	EXP 	Fixation: autoDraw = False
51.2372 	EXP 	grating: autoDraw = False
51.4272 	DATA 	Keypress: left
51.4364 	EXP 	Device response: <KeyPress from None: t=51.42395270837005, value=left, duration=None>
51.4539 	EXP 	Fixation: autoDraw = False
51.4539 	EXP 	grating: autoDraw = False
51.4539 	EXP 	grating: ori = np.float64(2.0)
51.4539 	EXP 	Fixation: autoDraw = True
51.6202 	EXP 	Device response: <KeyPress from None: t=51.42395270837005, value=left, duration=0.18828979157842696>
51.9366 	INFO 	Keyboard events cleared
51.9366 	EXP 	grating: autoDraw = True
51.9537 	EXP 	Fixation: autoDraw = False
52.2365 	EXP 	grating: autoDraw = False
52.5287 	DATA 	Keypress: right
52.5375 	EXP 	Device response: <KeyPress from None: t=52.52494608331472, value=right, duration=None>
52.5538 	EXP 	Fixation: autoDraw = False
52.5538 	EXP 	grating: autoDraw = False
52.5538 	EXP 	grating: ori = np.float64(2.0)
52.5538 	EXP 	Fixation: autoDraw = True
52.8039 	EXP 	Device response: <KeyPress from None: t=52.52494608331472, value=right, duration=0.2723074166569859>
53.0372 	INFO 	Keyboard events cleared
53.0371 	EXP 	grating: autoDraw = True
53.0538 	EXP 	Fixation: autoDraw = False
53.3373 	EXP 	grating: autoDraw = False
53.5207 	EXP 	Device response: <KeyPress from None: t=53.51791929162573, value=left, duration=None>
53.5223 	DATA 	Keypress: left
53.5373 	EXP 	Fixation: autoDraw = False
53.5373 	EXP 	grating: autoDraw = False
53.5373 	EXP 	grating: ori = np.float64(-2.5)
53.5373 	EXP 	Fixation: autoDraw = True
53.6706 	EXP 	Device response: <KeyPress from None: t=53.51791929162573, value=left, duration=0.148299083346501>
54.0204 	INFO 	Keyboard events cleared
54.0204 	EXP 	grating: autoDraw = True
54.0373 	EXP 	Fixation: autoDraw = False
54.3206 	EXP 	grating: autoDraw = False
54.6787 	DATA 	Keypress: left
54.6868 	EXP 	Device response: <KeyPress from None: t=54.675192333292216, value=left, duration=None>
54.7038 	EXP 	Fixation: autoDraw = False
54.7038 	EXP 	grating: autoDraw = False
54.7038 	EXP 	grating: ori = np.float64(-2.5)
54.7038 	EXP 	Fixation: autoDraw = True
54.8704 	EXP 	Device response: <KeyPress from None: t=54.675192333292216, value=left, duration=0.19272212509531528>
55.1872 	INFO 	Keyboard events cleared
55.1871 	EXP 	grating: autoDraw = True
55.2038 	EXP 	Fixation: autoDraw = False
55.4864 	EXP 	grating: autoDraw = False
55.8175 	DATA 	Keypress: left
55.8208 	EXP 	Device response: <KeyPress from None: t=55.81387808336876, value=left, duration=None>
55.8368 	EXP 	Fixation: autoDraw = False
55.8368 	EXP 	grating: autoDraw = False
55.8368 	EXP 	grating: ori = np.float64(2.5)
55.8368 	EXP 	Fixation: autoDraw = True
56.0206 	EXP 	Device response: <KeyPress from None: t=55.81387808336876, value=left, duration=0.20450320828240365>
56.3204 	INFO 	Keyboard events cleared
56.3204 	EXP 	grating: autoDraw = True
56.3372 	EXP 	Fixation: autoDraw = False
56.6205 	EXP 	grating: autoDraw = False
56.9533 	EXP 	Device response: <KeyPress from None: t=56.947850291617215, value=right, duration=None>
56.9536 	DATA 	Keypress: right
56.9705 	EXP 	Fixation: autoDraw = False
56.9705 	EXP 	grating: autoDraw = False
56.9705 	EXP 	grating: ori = np.float64(2.0)
56.9705 	EXP 	Fixation: autoDraw = True
57.1873 	EXP 	Device response: <KeyPress from None: t=56.947850291617215, value=right, duration=0.22430800006259233>
57.4539 	INFO 	Keyboard events cleared
57.4538 	EXP 	grating: autoDraw = True
57.4706 	EXP 	Fixation: autoDraw = False
57.7540 	EXP 	grating: autoDraw = False
58.6324 	DATA 	Keypress: right
58.6373 	EXP 	Device response: <KeyPress from None: t=58.628813541610725, value=right, duration=None>
58.6539 	EXP 	Fixation: autoDraw = False
58.6539 	EXP 	grating: autoDraw = False
58.6539 	EXP 	grating: ori = np.float64(2.0)
58.6539 	EXP 	Fixation: autoDraw = True
58.8207 	EXP 	Device response: <KeyPress from None: t=58.628813541610725, value=right, duration=0.18430495844222605>
59.1372 	INFO 	Keyboard events cleared
59.1372 	EXP 	grating: autoDraw = True
59.1539 	EXP 	Fixation: autoDraw = False
59.4371 	EXP 	grating: autoDraw = False
59.7642 	DATA 	Keypress: left
59.7707 	EXP 	Device response: <KeyPress from None: t=59.76077595830429, value=left, duration=None>
59.7871 	EXP 	Fixation: autoDraw = False
59.7871 	EXP 	grating: autoDraw = False
59.7871 	EXP 	grating: ori = np.float64(-2.5)
59.7871 	EXP 	Fixation: autoDraw = True
59.9372 	EXP 	Device response: <KeyPress from None: t=59.76077595830429, value=left, duration=0.16831758338958025>
60.2705 	INFO 	Keyboard events cleared
60.2705 	EXP 	grating: autoDraw = True
60.2871 	EXP 	Fixation: autoDraw = False
60.5706 	EXP 	grating: autoDraw = False
60.9162 	DATA 	Keypress: left
60.9207 	EXP 	Device response: <KeyPress from None: t=60.91276062501129, value=left, duration=None>
60.9372 	EXP 	Fixation: autoDraw = False
60.9372 	EXP 	grating: autoDraw = False
60.9372 	EXP 	grating: ori = np.float64(2.5)
60.9372 	EXP 	Fixation: autoDraw = True
61.0873 	EXP 	Device response: <KeyPress from None: t=60.91276062501129, value=left, duration=0.16830358328297734>
61.4206 	INFO 	Keyboard events cleared
61.4205 	EXP 	grating: autoDraw = True
61.4371 	EXP 	Fixation: autoDraw = False
61.7366 	EXP 	grating: autoDraw = False
61.9981 	DATA 	Keypress: right
62.0035 	EXP 	Device response: <KeyPress from None: t=61.99571308330633, value=right, duration=None>
62.0193 	EXP 	Fixation: autoDraw = False
62.0193 	EXP 	grating: autoDraw = False
62.0193 	EXP 	grating: ori = np.float64(-2.5)
62.0193 	EXP 	Fixation: autoDraw = True
62.2040 	EXP 	Device response: <KeyPress from None: t=61.99571308330633, value=right, duration=0.19632270839065313>
62.5038 	INFO 	Keyboard events cleared
62.5037 	EXP 	grating: autoDraw = True
62.5206 	EXP 	Fixation: autoDraw = False
62.8038 	EXP 	grating: autoDraw = False
63.1455 	DATA 	Keypress: left
63.1541 	EXP 	Device response: <KeyPress from None: t=63.141707333386876, value=left, duration=None>
63.1705 	EXP 	Fixation: autoDraw = False
63.1705 	EXP 	grating: autoDraw = False
63.1705 	EXP 	grating: ori = np.float64(2.0)
63.1705 	EXP 	Fixation: autoDraw = True
63.3532 	EXP 	Device response: <KeyPress from None: t=63.141707333386876, value=left, duration=0.19628504163119942>
63.6538 	INFO 	Keyboard events cleared
63.6538 	EXP 	grating: autoDraw = True
63.6704 	EXP 	Fixation: autoDraw = False
63.9539 	EXP 	grating: autoDraw = False
64.1541 	EXP 	Device response: <KeyPress from None: t=64.14869129168801, value=right, duration=None>
64.1549 	DATA 	Keypress: right
64.1706 	EXP 	Fixation: autoDraw = False
64.1706 	EXP 	grating: autoDraw = False
64.1706 	EXP 	grating: ori = np.float64(-2.0)
64.1706 	EXP 	Fixation: autoDraw = True
64.3539 	EXP 	Device response: <KeyPress from None: t=64.14869129168801, value=right, duration=0.19639133336022496>
64.6539 	INFO 	Keyboard events cleared
64.6539 	EXP 	grating: autoDraw = True
64.6705 	EXP 	Fixation: autoDraw = False
64.9538 	EXP 	grating: autoDraw = False
65.2207 	EXP 	Device response: <KeyPress from None: t=65.21567004162353, value=left, duration=None>
65.2216 	DATA 	Keypress: left
65.2371 	EXP 	Fixation: autoDraw = False
65.2371 	EXP 	grating: autoDraw = False
65.2371 	EXP 	grating: ori = np.float64(2.0)
65.2371 	EXP 	Fixation: autoDraw = True
65.4042 	EXP 	Device response: <KeyPress from None: t=65.21567004162353, value=left, duration=0.18038816668558866>
65.7205 	INFO 	Keyboard events cleared
65.7205 	EXP 	grating: autoDraw = True
65.7371 	EXP 	Fixation: autoDraw = False
66.0204 	EXP 	grating: autoDraw = False
66.1696 	EXP 	Device response: <KeyPress from None: t=66.16463541670237, value=right, duration=None>
66.1700 	DATA 	Keypress: right
66.1872 	EXP 	Fixation: autoDraw = False
66.1872 	EXP 	grating: autoDraw = False
66.1872 	EXP 	grating: ori = np.float64(1.5)
66.1872 	EXP 	Fixation: autoDraw = True
66.3207 	EXP 	Device response: <KeyPress from None: t=66.16463541670237, value=right, duration=0.14030862494837493>
66.6705 	INFO 	Keyboard events cleared
66.6705 	EXP 	grating: autoDraw = True
66.6871 	EXP 	Fixation: autoDraw = False
66.9704 	EXP 	grating: autoDraw = False
66.9925 	DATA 	Keypress: left
67.0038 	EXP 	Device response: <KeyPress from None: t=66.98862624994945, value=left, duration=None>
67.0205 	EXP 	Fixation: autoDraw = False
67.0205 	EXP 	grating: autoDraw = False
67.0205 	EXP 	grating: ori = np.float64(-2.0)
67.0205 	EXP 	Fixation: autoDraw = True
67.1540 	EXP 	Device response: <KeyPress from None: t=66.98862624994945, value=left, duration=0.16437745839357376>
67.5038 	INFO 	Keyboard events cleared
67.5038 	EXP 	grating: autoDraw = True
67.5206 	EXP 	Fixation: autoDraw = False
67.8039 	EXP 	grating: autoDraw = False
68.3274 	DATA 	Keypress: left
68.3373 	EXP 	Device response: <KeyPress from None: t=68.32358958339319, value=left, duration=None>
68.3537 	EXP 	Fixation: autoDraw = False
68.3537 	EXP 	grating: autoDraw = False
68.3537 	EXP 	grating: ori = np.float64(-2.0)
68.3537 	EXP 	Fixation: autoDraw = True
68.5040 	EXP 	Device response: <KeyPress from None: t=68.32358958339319, value=left, duration=0.17632212489843369>
68.8371 	INFO 	Keyboard events cleared
68.8371 	EXP 	grating: autoDraw = True
68.8539 	EXP 	Fixation: autoDraw = False
69.1372 	EXP 	grating: autoDraw = False
69.3203 	EXP 	Device response: <KeyPress from None: t=69.31457225000486, value=left, duration=None>
69.3206 	DATA 	Keypress: left
69.3372 	EXP 	Fixation: autoDraw = False
69.3372 	EXP 	grating: autoDraw = False
69.3372 	EXP 	grating: ori = np.float64(-2.0)
69.3372 	EXP 	Fixation: autoDraw = True
69.4872 	EXP 	Device response: <KeyPress from None: t=69.31457225000486, value=left, duration=0.17242866661399603>
69.8206 	INFO 	Keyboard events cleared
69.8205 	EXP 	grating: autoDraw = True
69.8371 	EXP 	Fixation: autoDraw = False
70.1205 	EXP 	grating: autoDraw = False
70.4237 	DATA 	Keypress: left
70.4366 	EXP 	Device response: <KeyPress from None: t=70.42052225000225, value=left, duration=None>
70.4539 	EXP 	Fixation: autoDraw = False
70.4539 	EXP 	grating: autoDraw = False
70.4539 	EXP 	grating: ori = np.float64(-1.5)
70.4539 	EXP 	Fixation: autoDraw = True
70.5872 	EXP 	Device response: <KeyPress from None: t=70.42052225000225, value=left, duration=0.15233016666024923>
70.9372 	INFO 	Keyboard events cleared
70.9372 	EXP 	grating: autoDraw = True
70.9538 	EXP 	Fixation: autoDraw = False
71.2365 	EXP 	grating: autoDraw = False
71.6300 	DATA 	Keypress: left
71.6373 	EXP 	Device response: <KeyPress from None: t=71.62652120832354, value=left, duration=None>
71.6537 	EXP 	Fixation: autoDraw = False
71.6537 	EXP 	grating: autoDraw = False
71.6537 	EXP 	grating: ori = np.float64(-1.5)
71.6537 	EXP 	Fixation: autoDraw = True
71.7872 	EXP 	Device response: <KeyPress from None: t=71.62652120832354, value=left, duration=0.1523150416323915>
72.1365 	INFO 	Keyboard events cleared
72.1365 	EXP 	grating: autoDraw = True
72.1532 	EXP 	Fixation: autoDraw = False
72.4372 	EXP 	grating: autoDraw = False
72.6133 	DATA 	Keypress: left
72.6207 	EXP 	Device response: <KeyPress from None: t=72.60949287505355, value=left, duration=None>
72.6372 	EXP 	Fixation: autoDraw = False
72.6372 	EXP 	grating: autoDraw = False
72.6372 	EXP 	grating: ori = np.float64(-1.5)
72.6372 	EXP 	Fixation: autoDraw = True
72.7873 	EXP 	Device response: <KeyPress from None: t=72.60949287505355, value=left, duration=0.1723022082587704>
73.1206 	INFO 	Keyboard events cleared
73.1205 	EXP 	grating: autoDraw = True
73.1372 	EXP 	Fixation: autoDraw = False
73.4204 	EXP 	grating: autoDraw = False
73.6759 	DATA 	Keypress: left
73.6873 	EXP 	Device response: <KeyPress from None: t=73.67246554163285, value=left, duration=None>
73.7038 	EXP 	Fixation: autoDraw = False
73.7038 	EXP 	grating: autoDraw = False
73.7038 	EXP 	grating: ori = np.float64(1.0)
73.7038 	EXP 	Fixation: autoDraw = True
73.8371 	EXP 	Device response: <KeyPress from None: t=73.67246554163285, value=left, duration=0.16436095838434994>
74.1872 	INFO 	Keyboard events cleared
74.1871 	EXP 	grating: autoDraw = True
74.2037 	EXP 	Fixation: autoDraw = False
74.4872 	EXP 	grating: autoDraw = False
74.5830 	DATA 	Keypress: left
74.5874 	EXP 	Device response: <KeyPress from None: t=74.57945383328479, value=left, duration=None>
74.6038 	EXP 	Fixation: autoDraw = False
74.6038 	EXP 	grating: autoDraw = False
74.6038 	EXP 	grating: ori = np.float64(-1.5)
74.6038 	EXP 	Fixation: autoDraw = True
74.7372 	EXP 	Device response: <KeyPress from None: t=74.57945383328479, value=left, duration=0.15642791672144085>
75.0871 	INFO 	Keyboard events cleared
75.0871 	EXP 	grating: autoDraw = True
75.1039 	EXP 	Fixation: autoDraw = False
75.3872 	EXP 	grating: autoDraw = False
75.9368 	EXP 	Device response: <KeyPress from None: t=75.93140787503216, value=left, duration=None>
75.9371 	DATA 	Keypress: left
75.9538 	EXP 	Fixation: autoDraw = False
75.9538 	EXP 	grating: autoDraw = False
75.9538 	EXP 	grating: ori = np.float64(1.5)
75.9538 	EXP 	Fixation: autoDraw = True
76.1205 	EXP 	Device response: <KeyPress from None: t=75.93140787503216, value=left, duration=0.17261929158121347>
76.4372 	INFO 	Keyboard events cleared
76.4371 	EXP 	grating: autoDraw = True
76.4538 	EXP 	Fixation: autoDraw = False
76.7371 	EXP 	grating: autoDraw = False
77.2160 	DATA 	Keypress: right
77.2206 	EXP 	Device response: <KeyPress from None: t=77.2123933333205, value=right, duration=None>
77.2370 	EXP 	Fixation: autoDraw = False
77.2370 	EXP 	grating: autoDraw = False
77.2370 	EXP 	grating: ori = np.float64(-1.5)
77.2370 	EXP 	Fixation: autoDraw = True
77.4372 	EXP 	Device response: <KeyPress from None: t=77.2123933333205, value=right, duration=0.20828158338554204>
77.7204 	INFO 	Keyboard events cleared
77.7204 	EXP 	grating: autoDraw = True
77.7370 	EXP 	Fixation: autoDraw = False
78.0205 	EXP 	grating: autoDraw = False
78.3159 	DATA 	Keypress: left
78.3208 	EXP 	Device response: <KeyPress from None: t=78.31236824998632, value=left, duration=None>
78.3372 	EXP 	Fixation: autoDraw = False
78.3372 	EXP 	grating: autoDraw = False
78.3372 	EXP 	grating: ori = np.float64(-1.0)
78.3372 	EXP 	Fixation: autoDraw = True
78.5039 	EXP 	Device response: <KeyPress from None: t=78.31236824998632, value=left, duration=0.18029862502589822>
78.8370 	INFO 	Keyboard events cleared
78.8370 	EXP 	Fixation: autoDraw = False
78.8370 	EXP 	grating: autoDraw = True
79.1371 	EXP 	grating: autoDraw = False
79.2592 	DATA 	Keypress: left
79.2698 	EXP 	Device response: <KeyPress from None: t=79.25538266671356, value=left, duration=None>
79.2871 	EXP 	Fixation: autoDraw = False
79.2871 	EXP 	grating: autoDraw = False
79.2871 	EXP 	grating: ori = np.float64(-1.0)
79.2871 	EXP 	Fixation: autoDraw = True
79.4030 	EXP 	Device response: <KeyPress from None: t=79.25538266671356, value=left, duration=0.1322449166327715>
79.7704 	INFO 	Keyboard events cleared
79.7704 	EXP 	grating: autoDraw = True
79.7870 	EXP 	Fixation: autoDraw = False
80.0704 	EXP 	grating: autoDraw = False
80.4038 	EXP 	Device response: <KeyPress from None: t=80.4002984999679, value=left, duration=None>
80.4049 	DATA 	Keypress: left
80.4204 	EXP 	Fixation: autoDraw = False
80.4204 	EXP 	grating: autoDraw = False
80.4204 	EXP 	grating: ori = np.float64(1.0)
80.4204 	EXP 	Fixation: autoDraw = True
80.5873 	EXP 	Device response: <KeyPress from None: t=80.4002984999679, value=left, duration=0.18030445836484432>
80.9031 	INFO 	Keyboard events cleared
80.9031 	EXP 	grating: autoDraw = True
80.9198 	EXP 	Fixation: autoDraw = False
81.2037 	EXP 	grating: autoDraw = False
81.5500 	DATA 	Keypress: left
81.5540 	EXP 	Device response: <KeyPress from None: t=81.54629558336455, value=left, duration=None>
81.5706 	EXP 	Fixation: autoDraw = False
81.5706 	EXP 	grating: autoDraw = False
81.5706 	EXP 	grating: ori = np.float64(1.5)
81.5706 	EXP 	Fixation: autoDraw = True
81.7373 	EXP 	Device response: <KeyPress from None: t=81.54629558336455, value=left, duration=0.18830933328717947>
82.0533 	INFO 	Keyboard events cleared
82.0533 	EXP 	grating: autoDraw = True
82.0693 	EXP 	Fixation: autoDraw = False
82.3529 	EXP 	grating: autoDraw = False
82.5745 	DATA 	Keypress: left
82.5873 	EXP 	Device response: <KeyPress from None: t=82.5712491250597, value=left, duration=None>
82.6038 	EXP 	Fixation: autoDraw = False
82.6038 	EXP 	grating: autoDraw = False
82.6038 	EXP 	grating: ori = np.float64(2.0)
82.6038 	EXP 	Fixation: autoDraw = True
82.7373 	EXP 	Device response: <KeyPress from None: t=82.5712491250597, value=left, duration=0.15231987496372312>
83.0871 	INFO 	Keyboard events cleared
83.0870 	EXP 	grating: autoDraw = True
83.1038 	EXP 	Fixation: autoDraw = False
83.3870 	EXP 	grating: autoDraw = False
83.8978 	DATA 	Keypress: left
83.9034 	EXP 	Device response: <KeyPress from None: t=83.89423950004857, value=left, duration=None>
83.9204 	EXP 	Fixation: autoDraw = False
83.9204 	EXP 	grating: autoDraw = False
83.9204 	EXP 	grating: ori = np.float64(2.5)
83.9204 	EXP 	Fixation: autoDraw = True
84.0705 	EXP 	Device response: <KeyPress from None: t=83.89423950004857, value=left, duration=0.1683013333240524>
84.4037 	INFO 	Keyboard events cleared
84.4037 	EXP 	grating: autoDraw = True
84.4203 	EXP 	Fixation: autoDraw = False
84.7036 	EXP 	grating: autoDraw = False
85.0039 	EXP 	Device response: <KeyPress from None: t=85.00240670831408, value=left, duration=None>
85.0058 	DATA 	Keypress: left
85.0199 	EXP 	Fixation: autoDraw = False
85.0199 	EXP 	grating: autoDraw = False
85.0199 	EXP 	grating: ori = np.float64(-3.0)
85.0199 	EXP 	Fixation: autoDraw = True
85.1873 	EXP 	Device response: <KeyPress from None: t=85.00240670831408, value=left, duration=0.17611562507227063>
85.5039 	INFO 	Keyboard events cleared
85.5038 	EXP 	grating: autoDraw = True
85.5206 	EXP 	Fixation: autoDraw = False
85.8038 	EXP 	grating: autoDraw = False
85.9540 	EXP 	Device response: <KeyPress from None: t=85.95230866665952, value=left, duration=None>
85.9559 	DATA 	Keypress: left
85.9698 	EXP 	Fixation: autoDraw = False
85.9698 	EXP 	grating: autoDraw = False
85.9698 	EXP 	grating: ori = np.float64(3.0)
85.9698 	EXP 	Fixation: autoDraw = True
86.1373 	EXP 	Device response: <KeyPress from None: t=85.95230866665952, value=left, duration=0.1681684583891183>
86.4528 	INFO 	Keyboard events cleared
86.4528 	EXP 	grating: autoDraw = True
86.4704 	EXP 	Fixation: autoDraw = False
86.7538 	EXP 	grating: autoDraw = False
86.9261 	DATA 	Keypress: left
86.9372 	EXP 	Device response: <KeyPress from None: t=86.92217979161069, value=left, duration=None>
86.9537 	EXP 	Fixation: autoDraw = False
86.9537 	EXP 	grating: autoDraw = False
86.9537 	EXP 	grating: ori = np.float64(3.5)
86.9537 	EXP 	Fixation: autoDraw = True
87.1040 	EXP 	Device response: <KeyPress from None: t=86.92217979161069, value=left, duration=0.17629779176786542>
87.4370 	INFO 	Keyboard events cleared
87.4370 	EXP 	grating: autoDraw = True
87.4538 	EXP 	Fixation: autoDraw = False
87.7371 	EXP 	grating: autoDraw = False
88.0487 	DATA 	Keypress: left
88.0539 	EXP 	Device response: <KeyPress from None: t=88.04514608334284, value=left, duration=None>
88.0703 	EXP 	Fixation: autoDraw = False
88.0703 	EXP 	grating: autoDraw = False
88.0703 	EXP 	grating: ori = np.float64(-4.0)
88.0703 	EXP 	Fixation: autoDraw = True
88.2206 	EXP 	Device response: <KeyPress from None: t=88.04514608334284, value=left, duration=0.1642974583664909>
88.5536 	INFO 	Keyboard events cleared
88.5536 	EXP 	grating: autoDraw = True
88.5705 	EXP 	Fixation: autoDraw = False
88.8537 	EXP 	grating: autoDraw = False
88.9937 	DATA 	Keypress: left
89.0040 	EXP 	Device response: <KeyPress from None: t=88.9901081250282, value=left, duration=None>
89.0205 	EXP 	Fixation: autoDraw = False
89.0205 	EXP 	grating: autoDraw = False
89.0205 	EXP 	grating: ori = np.float64(-4.0)
89.0205 	EXP 	Fixation: autoDraw = True
89.1700 	EXP 	Device response: <KeyPress from None: t=88.9901081250282, value=left, duration=0.1763217916013673>
89.5039 	INFO 	Keyboard events cleared
89.5039 	EXP 	grating: autoDraw = True
89.5205 	EXP 	Fixation: autoDraw = False
89.8038 	EXP 	grating: autoDraw = False
89.9873 	EXP 	Device response: <KeyPress from None: t=89.98527854168788, value=left, duration=None>
89.9891 	DATA 	Keypress: left
90.0032 	EXP 	Fixation: autoDraw = False
90.0032 	EXP 	grating: autoDraw = False
90.0032 	EXP 	grating: ori = np.float64(-4.0)
90.0032 	EXP 	Fixation: autoDraw = True
90.1538 	EXP 	Device response: <KeyPress from None: t=89.98527854168788, value=left, duration=0.16814083326607943>
90.4871 	INFO 	Keyboard events cleared
90.4871 	EXP 	grating: autoDraw = True
90.5037 	EXP 	Fixation: autoDraw = False
90.7871 	EXP 	grating: autoDraw = False
90.8835 	DATA 	Keypress: left
90.8871 	EXP 	Device response: <KeyPress from None: t=90.88006108335685, value=left, duration=None>
90.9038 	EXP 	Fixation: autoDraw = False
90.9038 	EXP 	grating: autoDraw = False
90.9038 	EXP 	grating: ori = np.float64(3.5)
90.9038 	EXP 	Fixation: autoDraw = True
91.0366 	EXP 	Device response: <KeyPress from None: t=90.88006108335685, value=left, duration=0.14432420826051384>
91.3871 	INFO 	Keyboard events cleared
91.3871 	EXP 	grating: autoDraw = True
91.4037 	EXP 	Fixation: autoDraw = False
91.6870 	EXP 	grating: autoDraw = False
91.7705 	EXP 	Device response: <KeyPress from None: t=91.76920016668737, value=left, duration=None>
91.7724 	DATA 	Keypress: left
91.7863 	EXP 	Fixation: autoDraw = False
91.7863 	EXP 	grating: autoDraw = False
91.7863 	EXP 	grating: ori = np.float64(-4.0)
91.7863 	EXP 	Fixation: autoDraw = True
91.8872 	EXP 	Device response: <KeyPress from None: t=91.76920016668737, value=left, duration=0.11619400000199676>
92.2705 	INFO 	Keyboard events cleared
92.2705 	EXP 	grating: autoDraw = True
92.2865 	EXP 	Fixation: autoDraw = False
92.5705 	EXP 	grating: autoDraw = False
93.0031 	EXP 	Device response: <KeyPress from None: t=92.99803566664923, value=left, duration=None>
93.0035 	DATA 	Keypress: left
93.0205 	EXP 	Fixation: autoDraw = False
93.0205 	EXP 	grating: autoDraw = False
93.0205 	EXP 	grating: ori = np.float64(4.0)
93.0205 	EXP 	Fixation: autoDraw = True
93.2039 	EXP 	Device response: <KeyPress from None: t=92.99803566664923, value=left, duration=0.19228083337657154>
93.5037 	INFO 	Keyboard events cleared
93.5037 	EXP 	grating: autoDraw = True
93.5204 	EXP 	Fixation: autoDraw = False
93.8037 	EXP 	grating: autoDraw = False
94.1775 	DATA 	Keypress: right
94.1872 	EXP 	Device response: <KeyPress from None: t=94.17400362505578, value=right, duration=None>
94.2038 	EXP 	Fixation: autoDraw = False
94.2038 	EXP 	grating: autoDraw = False
94.2038 	EXP 	grating: ori = np.float64(4.0)
94.2038 	EXP 	Fixation: autoDraw = True
94.3872 	EXP 	Device response: <KeyPress from None: t=94.17400362505578, value=right, duration=0.21230720833409578>
94.6871 	INFO 	Keyboard events cleared
94.6871 	EXP 	grating: autoDraw = True
94.7037 	EXP 	Fixation: autoDraw = False
94.9871 	EXP 	grating: autoDraw = False
95.2862 	EXP 	Device response: <KeyPress from None: t=95.28295300004538, value=right, duration=None>
95.2872 	DATA 	Keypress: right
95.3028 	EXP 	Fixation: autoDraw = False
95.3028 	EXP 	grating: autoDraw = False
95.3028 	EXP 	grating: ori = np.float64(-3.5)
95.3028 	EXP 	Fixation: autoDraw = True
95.4872 	EXP 	Device response: <KeyPress from None: t=95.28295300004538, value=right, duration=0.19233024993445724>
95.7872 	INFO 	Keyboard events cleared
95.7872 	EXP 	grating: autoDraw = True
95.8038 	EXP 	Fixation: autoDraw = False
96.0872 	EXP 	grating: autoDraw = False
96.3872 	EXP 	Device response: <KeyPress from None: t=96.38233912503347, value=left, duration=None>
96.3880 	DATA 	Keypress: left
96.4038 	EXP 	Fixation: autoDraw = False
96.4038 	EXP 	grating: autoDraw = False
96.4038 	EXP 	grating: ori = np.float64(3.5)
96.4038 	EXP 	Fixation: autoDraw = True
96.5539 	EXP 	Device response: <KeyPress from None: t=96.38233912503347, value=left, duration=0.15987554169259965>
96.8871 	INFO 	Keyboard events cleared
96.8871 	EXP 	grating: autoDraw = True
96.9037 	EXP 	Fixation: autoDraw = False
97.1871 	EXP 	grating: autoDraw = False
97.4105 	DATA 	Keypress: right
97.4201 	EXP 	Device response: <KeyPress from None: t=97.40693104162347, value=right, duration=None>
97.4371 	EXP 	Fixation: autoDraw = False
97.4371 	EXP 	grating: autoDraw = False
97.4371 	EXP 	grating: ori = np.float64(-3.5)
97.4371 	EXP 	Fixation: autoDraw = True
97.6039 	EXP 	Device response: <KeyPress from None: t=97.40693104162347, value=right, duration=0.18031045841053128>
97.9205 	INFO 	Keyboard events cleared
97.9205 	EXP 	grating: autoDraw = True
97.9371 	EXP 	Fixation: autoDraw = False
98.2203 	EXP 	grating: autoDraw = False
98.3538 	EXP 	Device response: <KeyPress from None: t=98.34988779167179, value=left, duration=None>
98.3551 	DATA 	Keypress: left
98.3703 	EXP 	Fixation: autoDraw = False
98.3703 	EXP 	grating: autoDraw = False
98.3703 	EXP 	grating: ori = np.float64(3.0)
98.3703 	EXP 	Fixation: autoDraw = True
98.5205 	EXP 	Device response: <KeyPress from None: t=98.34988779167179, value=left, duration=0.16030587500426918>
98.8537 	INFO 	Keyboard events cleared
98.8537 	EXP 	grating: autoDraw = True
98.8698 	EXP 	Fixation: autoDraw = False
99.1532 	EXP 	grating: autoDraw = False
99.3143 	DATA 	Keypress: right
99.3206 	EXP 	Device response: <KeyPress from None: t=99.31087191670667, value=right, duration=None>
99.3372 	EXP 	Fixation: autoDraw = False
99.3372 	EXP 	grating: autoDraw = False
99.3372 	EXP 	grating: ori = np.float64(3.0)
99.3372 	EXP 	Fixation: autoDraw = True
99.5535 	EXP 	Device response: <KeyPress from None: t=99.31087191670667, value=right, duration=0.24031466664746404>
99.8204 	INFO 	Keyboard events cleared
99.8204 	EXP 	grating: autoDraw = True
99.8371 	EXP 	Fixation: autoDraw = False
100.1204 	EXP 	grating: autoDraw = False
100.2843 	DATA 	Keypress: left
100.2872 	EXP 	Device response: <KeyPress from None: t=100.28086054162122, value=left, duration=None>
100.3037 	EXP 	Fixation: autoDraw = False
100.3037 	EXP 	grating: autoDraw = False
100.3037 	EXP 	grating: ori = np.float64(-3.5)
100.3037 	EXP 	Fixation: autoDraw = True
100.4371 	EXP 	Device response: <KeyPress from None: t=100.28086054162122, value=left, duration=0.15230866672936827>
100.7870 	INFO 	Keyboard events cleared
100.7870 	EXP 	grating: autoDraw = True
100.8032 	EXP 	Fixation: autoDraw = False
101.0867 	EXP 	grating: autoDraw = False
101.0868 	EXP 	Device response: <KeyPress from None: t=101.08085783338174, value=right, duration=None>
101.0871 	DATA 	Keypress: right
101.1038 	EXP 	Fixation: autoDraw = False
101.1038 	EXP 	grating: autoDraw = False
101.1038 	EXP 	grating: ori = np.float64(-4.0)
101.1038 	EXP 	Fixation: autoDraw = True
101.2871 	EXP 	Device response: <KeyPress from None: t=101.08085783338174, value=right, duration=0.2002727499930188>
101.5871 	INFO 	Keyboard events cleared
101.5871 	EXP 	grating: autoDraw = True
101.6037 	EXP 	Fixation: autoDraw = False
101.8870 	EXP 	grating: autoDraw = False
102.2360 	EXP 	Device response: <KeyPress from None: t=102.23381945828442, value=left, duration=None>
102.2373 	DATA 	Keypress: left
102.2530 	EXP 	Fixation: autoDraw = False
102.2530 	EXP 	grating: autoDraw = False
102.2530 	EXP 	grating: ori = np.float64(-4.0)
102.2530 	EXP 	Fixation: autoDraw = True
102.4206 	EXP 	Device response: <KeyPress from None: t=102.23381945828442, value=left, duration=0.18030833336524665>
102.7372 	INFO 	Keyboard events cleared
102.7371 	EXP 	grating: autoDraw = True
102.7538 	EXP 	Fixation: autoDraw = False
103.0371 	EXP 	grating: autoDraw = False
103.1586 	DATA 	Keypress: left
103.1707 	EXP 	Device response: <KeyPress from None: t=103.15479349996895, value=left, duration=None>
103.1871 	EXP 	Fixation: autoDraw = False
103.1871 	EXP 	grating: autoDraw = False
103.1871 	EXP 	grating: ori = np.float64(-4.0)
103.1871 	EXP 	Fixation: autoDraw = True
103.3038 	EXP 	Device response: <KeyPress from None: t=103.15479349996895, value=left, duration=0.14843504165764898>
103.6698 	INFO 	Keyboard events cleared
103.6697 	EXP 	grating: autoDraw = True
103.6872 	EXP 	Fixation: autoDraw = False
103.9705 	EXP 	grating: autoDraw = False
104.1415 	DATA 	Keypress: left
104.1539 	EXP 	Device response: <KeyPress from None: t=104.1377598750405, value=left, duration=None>
104.1703 	EXP 	Fixation: autoDraw = False
104.1703 	EXP 	grating: autoDraw = False
104.1703 	EXP 	grating: ori = np.float64(-3.5)
104.1703 	EXP 	Fixation: autoDraw = True
104.2868 	EXP 	Device response: <KeyPress from None: t=104.1377598750405, value=left, duration=0.1443250000011176>
104.6537 	INFO 	Keyboard events cleared
104.6536 	EXP 	grating: autoDraw = True
104.6704 	EXP 	Fixation: autoDraw = False
104.9537 	EXP 	grating: autoDraw = False
105.0592 	DATA 	Keypress: left
105.0705 	EXP 	Device response: <KeyPress from None: t=105.05575533339288, value=left, duration=None>
105.0871 	EXP 	Fixation: autoDraw = False
105.0871 	EXP 	grating: autoDraw = False
105.0871 	EXP 	grating: ori = np.float64(-3.5)
105.0871 	EXP 	Fixation: autoDraw = True
105.2204 	EXP 	Device response: <KeyPress from None: t=105.05575533339288, value=left, duration=0.16030549991410226>
105.5705 	INFO 	Keyboard events cleared
105.5704 	EXP 	grating: autoDraw = True
105.5870 	EXP 	Fixation: autoDraw = False
105.8704 	EXP 	grating: autoDraw = False
105.9114 	DATA 	Keypress: left
105.9204 	EXP 	Device response: <KeyPress from None: t=105.90771779161878, value=left, duration=None>
105.9366 	EXP 	Fixation: autoDraw = False
105.9366 	EXP 	grating: autoDraw = False
105.9366 	EXP 	grating: ori = np.float64(-3.5)
105.9366 	EXP 	Fixation: autoDraw = True
106.0705 	EXP 	Device response: <KeyPress from None: t=105.90771779161878, value=left, duration=0.15632450010161847>
106.4204 	INFO 	Keyboard events cleared
106.4204 	EXP 	grating: autoDraw = True
106.4372 	EXP 	Fixation: autoDraw = False
106.7205 	EXP 	grating: autoDraw = False
106.7494 	DATA 	Keypress: left
106.7539 	EXP 	Device response: <KeyPress from None: t=106.74571283336263, value=left, duration=None>
106.7703 	EXP 	Fixation: autoDraw = False
106.7703 	EXP 	grating: autoDraw = False
106.7703 	EXP 	grating: ori = np.float64(-3.0)
106.7703 	EXP 	Fixation: autoDraw = True
106.9367 	EXP 	Device response: <KeyPress from None: t=106.74571283336263, value=left, duration=0.18031045829411596>
107.2537 	INFO 	Keyboard events cleared
107.2537 	EXP 	grating: autoDraw = True
107.2703 	EXP 	Fixation: autoDraw = False
107.5264 	DATA 	Keypress: left
107.5367 	EXP 	Device response: <KeyPress from None: t=107.52268991665915, value=left, duration=None>
107.5535 	EXP 	grating: autoDraw = False
107.5535 	EXP 	Fixation: autoDraw = False
107.5535 	EXP 	grating: autoDraw = False
107.5535 	EXP 	grating: ori = np.float64(3.0)
107.5535 	EXP 	Fixation: autoDraw = True
107.6705 	EXP 	Device response: <KeyPress from None: t=107.52268991665915, value=left, duration=0.14029316662345082>
108.0370 	INFO 	Keyboard events cleared
108.0370 	EXP 	grating: autoDraw = True
108.0538 	EXP 	Fixation: autoDraw = False
108.3371 	EXP 	grating: autoDraw = False
108.6038 	EXP 	Device response: <KeyPress from None: t=108.60186070832424, value=left, duration=None>
108.6054 	DATA 	Keypress: left
108.6197 	EXP 	Fixation: autoDraw = False
108.6197 	EXP 	grating: autoDraw = False
108.6197 	EXP 	grating: ori = np.float64(-3.5)
108.6197 	EXP 	Fixation: autoDraw = True
108.7203 	EXP 	Device response: <KeyPress from None: t=108.60186070832424, value=left, duration=0.11212125001475215>
109.1037 	INFO 	Keyboard events cleared
109.1036 	EXP 	grating: autoDraw = True
109.1204 	EXP 	Fixation: autoDraw = False
109.4036 	EXP 	grating: autoDraw = False
109.7772 	DATA 	Keypress: left
109.7872 	EXP 	Device response: <KeyPress from None: t=109.773645499954, value=left, duration=None>
109.8037 	EXP 	Fixation: autoDraw = False
109.8037 	EXP 	grating: autoDraw = False
109.8037 	EXP 	grating: ori = np.float64(3.5)
109.8037 	EXP 	Fixation: autoDraw = True
109.9541 	EXP 	Device response: <KeyPress from None: t=109.773645499954, value=left, duration=0.1642912500537932>
110.2870 	INFO 	Keyboard events cleared
110.2870 	EXP 	grating: autoDraw = True
110.3038 	EXP 	Fixation: autoDraw = False
110.5871 	EXP 	grating: autoDraw = False
110.9038 	EXP 	Device response: <KeyPress from None: t=110.90360145829618, value=right, duration=None>
110.9066 	DATA 	Keypress: right
110.9196 	EXP 	Fixation: autoDraw = False
110.9196 	EXP 	grating: autoDraw = False
110.9196 	EXP 	grating: ori = np.float64(-3.5)
110.9196 	EXP 	Fixation: autoDraw = True
111.1204 	EXP 	Device response: <KeyPress from None: t=110.90360145829618, value=right, duration=0.21232516667805612>
111.4036 	INFO 	Keyboard events cleared
111.4036 	EXP 	grating: autoDraw = True
111.4197 	EXP 	Fixation: autoDraw = False
111.7037 	EXP 	grating: autoDraw = False
111.9341 	DATA 	Keypress: left
111.9365 	EXP 	Device response: <KeyPress from None: t=111.93058462499175, value=left, duration=None>
111.9527 	EXP 	Fixation: autoDraw = False
111.9527 	EXP 	grating: autoDraw = False
111.9527 	EXP 	grating: ori = np.float64(-3.0)
111.9527 	EXP 	Fixation: autoDraw = True
112.1205 	EXP 	Device response: <KeyPress from None: t=111.93058462499175, value=left, duration=0.17631675000302494>
112.4364 	INFO 	Keyboard events cleared
112.4364 	EXP 	grating: autoDraw = True
112.4524 	EXP 	Fixation: autoDraw = False
112.7358 	EXP 	grating: autoDraw = False
112.9586 	DATA 	Keypress: left
112.9706 	EXP 	Device response: <KeyPress from None: t=112.95457145827822, value=left, duration=None>
112.9869 	EXP 	Fixation: autoDraw = False
112.9869 	EXP 	grating: autoDraw = False
112.9869 	EXP 	grating: ori = np.float64(-3.0)
112.9869 	EXP 	Fixation: autoDraw = True
113.1537 	EXP 	Device response: <KeyPress from None: t=112.95457145827822, value=left, duration=0.19255308341234922>
113.4705 	INFO 	Keyboard events cleared
113.4704 	EXP 	grating: autoDraw = True
113.4872 	EXP 	Fixation: autoDraw = False
113.7704 	EXP 	grating: autoDraw = False
114.1322 	DATA 	Keypress: left
114.1372 	EXP 	Device response: <KeyPress from None: t=114.12855129165109, value=left, duration=None>
114.1537 	EXP 	Fixation: autoDraw = False
114.1537 	EXP 	grating: autoDraw = False
114.1537 	EXP 	text_2: autoDraw = True
114.3040 	EXP 	Device response: <KeyPress from None: t=114.12855129165109, value=left, duration=0.16827441670466214>
117.1534 	EXP 	text_2: autoDraw = False
117.1534 	EXP 	text_2: autoDraw = False
117.1534 	EXP 	staircase task: status = STOPPED
117.1602 	INFO 	saved data to '/Users/anayatalesra/Desktop/psy310/staircase task/data/sc1_staircase task_2026-09-09_01h17.28.155.csv'
117.1609 	INFO 	saved data to /Users/anayatalesra/Desktop/psy310/staircase task/data/sc1_staircase task_2026-09-09_01h17.28.155.psydat
117.2533 	INFO 	Stopping keyboard key buffers.
